// Jest Snapshot v1, https://goo.gl/fbAQLP

exports[`should render 1`] = `
.c5 {
  display: -webkit-inline-box;
  display: -webkit-inline-flex;
  display: -ms-inline-flexbox;
  display: inline-flex;
  -webkit-transition-duration: 0.2s;
  transition-duration: 0.2s;
  -webkit-transition-property: -webkit-transform;
  -webkit-transition-property: transform;
  transition-property: transform;
  -webkit-transform: rotate(-0deg);
  -ms-transform: rotate(-0deg);
  transform: rotate(-0deg);
}

.c0 {
  padding: 16px;
  background: white;
  border-radius: 4px;
  box-shadow: 0px 0px 8px rgba(0,39,64,0.1);
}

.c2 {
  cursor: pointer;
  display: -webkit-box;
  display: -webkit-flex;
  display: -ms-flexbox;
  display: flex;
  -webkit-align-items: center;
  -webkit-box-align: center;
  -ms-flex-align: center;
  align-items: center;
  -webkit-box-pack: justify;
  -webkit-justify-content: space-between;
  -ms-flex-pack: justify;
  justify-content: space-between;
}

.c4 {
  display: -webkit-box;
  display: -webkit-flex;
  display: -ms-flexbox;
  display: flex;
  padding-left: 8px;
}

.c1 {
  box-shadow: 0px 0px 3px rgba(0,0,0,0.15);
  padding: 16px;
  background: white;
}

.c3 {
  font-family: Roboto;
  font-weight: 400;
  font-size: 14px;
  color: #003A60;
}

<CollapseContainer
  title="Teste"
>
  <Styled(styled.div)>
    <div
      className="c0 c1"
    >
      <styled.div
        id="header"
        onClick={[Function]}
      >
        <div
          className="c2"
          id="header"
          onClick={[Function]}
        >
          <styled.span>
            <span
              className="c3"
            >
              Teste
            </span>
          </styled.span>
          <styled.div>
            <div
              className="c4"
            >
              <Icon
                path="<svg width=\\"8\\" height=\\"5\\" viewBox=\\"0 0 8 5\\" fill=\\"none\\" xmlns=\\"http://www.w3.org/2000/svg\\"><path d=\\"M6.67969 -2.70123e-07L4 2.63608L1.32031 -3.5857e-08L0.5 0.806962L4 4.25L7.5 0.806962L6.67969 -2.70123e-07Z\\" /></svg>"
                rotate={0}
                size="16px"
              >
                <Styled(SVGInline)
                  fill="#979899"
                  path="<svg width=\\"8\\" height=\\"5\\" viewBox=\\"0 0 8 5\\" fill=\\"none\\" xmlns=\\"http://www.w3.org/2000/svg\\"><path d=\\"M6.67969 -2.70123e-07L4 2.63608L1.32031 -3.5857e-08L0.5 0.806962L4 4.25L7.5 0.806962L6.67969 -2.70123e-07Z\\" /></svg>"
                  rotate={0}
                  size="16px"
                  style={Object {}}
                  svg="<svg width=\\"8\\" height=\\"5\\" viewBox=\\"0 0 8 5\\" fill=\\"none\\" xmlns=\\"http://www.w3.org/2000/svg\\"><path d=\\"M6.67969 -2.70123e-07L4 2.63608L1.32031 -3.5857e-08L0.5 0.806962L4 4.25L7.5 0.806962L6.67969 -2.70123e-07Z\\" /></svg>"
                  width="16px"
                >
                  <SVGInline
                    className="c5"
                    classSuffix="-svg"
                    cleanup={Array []}
                    cleanupExceptions={Array []}
                    component="span"
                    fill="#979899"
                    path="<svg width=\\"8\\" height=\\"5\\" viewBox=\\"0 0 8 5\\" fill=\\"none\\" xmlns=\\"http://www.w3.org/2000/svg\\"><path d=\\"M6.67969 -2.70123e-07L4 2.63608L1.32031 -3.5857e-08L0.5 0.806962L4 4.25L7.5 0.806962L6.67969 -2.70123e-07Z\\" /></svg>"
                    rotate={0}
                    size="16px"
                    style={Object {}}
                    svg="<svg width=\\"8\\" height=\\"5\\" viewBox=\\"0 0 8 5\\" fill=\\"none\\" xmlns=\\"http://www.w3.org/2000/svg\\"><path d=\\"M6.67969 -2.70123e-07L4 2.63608L1.32031 -3.5857e-08L0.5 0.806962L4 4.25L7.5 0.806962L6.67969 -2.70123e-07Z\\" /></svg>"
                    width="16px"
                  >
                    <span
                      className="SVGInline c5"
                      dangerouslySetInnerHTML={
                        Object {
                          "__html": "<svg class=\\"SVGInline-svg sc-bdfBwQ-svg c5-svg\\" fill=\\"#979899\\" style=\\"width: 16px;height: 16px;\\" width=\\"8\\" height=\\"5\\" viewBox=\\"0 0 8 5\\" fill=\\"none\\" xmlns=\\"http://www.w3.org/2000/svg\\"><path d=\\"M6.67969 -2.70123e-07L4 2.63608L1.32031 -3.5857e-08L0.5 0.806962L4 4.25L7.5 0.806962L6.67969 -2.70123e-07Z\\" /></svg>",
                        }
                      }
                      path="<svg width=\\"8\\" height=\\"5\\" viewBox=\\"0 0 8 5\\" fill=\\"none\\" xmlns=\\"http://www.w3.org/2000/svg\\"><path d=\\"M6.67969 -2.70123e-07L4 2.63608L1.32031 -3.5857e-08L0.5 0.806962L4 4.25L7.5 0.806962L6.67969 -2.70123e-07Z\\" /></svg>"
                      rotate={0}
                      size="16px"
                      style={Object {}}
                    />
                  </SVGInline>
                </Styled(SVGInline)>
              </Icon>
            </div>
          </styled.div>
        </div>
      </styled.div>
      <UnmountClosed
        isOpened={false}
      />
    </div>
  </Styled(styled.div)>
</CollapseContainer>
`;
