// Jest Snapshot v1, https://goo.gl/fbAQLP

exports[`should render 1`] = `
.c2 {
  display: -webkit-inline-box;
  display: -webkit-inline-flex;
  display: -ms-inline-flexbox;
  display: inline-flex;
  -webkit-transition-duration: 0.2s;
  transition-duration: 0.2s;
  -webkit-transition-property: -webkit-transform;
  -webkit-transition-property: transform;
  transition-property: transform;
  -webkit-transform: rotate(-deg);
  -ms-transform: rotate(-deg);
  transform: rotate(-deg);
}

.c3 {
  display: -webkit-inline-box;
  display: -webkit-inline-flex;
  display: -ms-inline-flexbox;
  display: inline-flex;
  -webkit-transition-duration: 0.2s;
  transition-duration: 0.2s;
  cursor: pointer;
  -webkit-transition-property: -webkit-transform;
  -webkit-transition-property: transform;
  transition-property: transform;
  -webkit-transform: rotate(-deg);
  -ms-transform: rotate(-deg);
  transform: rotate(-deg);
}

.c1 {
  display: -webkit-box;
  display: -webkit-flex;
  display: -ms-flexbox;
  display: flex;
  -webkit-align-items: center;
  -webkit-box-align: center;
  -ms-flex-align: center;
  align-items: center;
  width: 30%;
}

.c4 {
  margin-left: 8px;
  font-family: Roboto;
  font-weight: 500;
  font-size: 18px;
  color: #303133;
  cursor: pointer;
  -webkit-user-select: none;
  -moz-user-select: none;
  -ms-user-select: none;
  user-select: none;
  white-space: nowrap;
}

.c0 {
  border: 1px solid #e0e0e0;
  box-sizing: border-box;
  padding: 16px;
  display: -webkit-box;
  display: -webkit-flex;
  display: -ms-flexbox;
  display: flex;
  -webkit-align-items: center;
  -webkit-box-align: center;
  -ms-flex-align: center;
  align-items: center;
  height: 56px;
  -webkit-box-pack: justify;
  -webkit-justify-content: space-between;
  -ms-flex-pack: justify;
  justify-content: space-between;
}

.c5 {
  display: -webkit-box;
  display: -webkit-flex;
  display: -ms-flexbox;
  display: flex;
  -webkit-align-items: center;
  -webkit-box-align: center;
  -ms-flex-align: center;
  align-items: center;
  -webkit-box-pack: end;
  -webkit-justify-content: flex-end;
  -ms-flex-pack: end;
  justify-content: flex-end;
  width: Calc(70% - 24px);
  margin-left: 24px;
}

.c6 {
  font-family: Roboto;
  font-weight: 500;
  font-size: 16px;
  color: #303133;
  color: #2E7D32;
  white-space: nowrap;
  margin-left: 24px;
}

.c9 {
  font-family: Roboto;
  font-weight: 500;
  font-size: 16px;
  color: #303133;
  color: #D32F2F;
  white-space: nowrap;
  margin-left: 24px;
}

.c8 {
  font-family: Roboto;
  font-weight: 300;
  font-size: 24px;
  color: #303133;
  white-space: nowrap;
  overflow: hidden;
  text-overflow: ellipsis;
}

.c7 {
  font-family: Roboto;
  font-weight: 400;
  font-size: 16px;
  color: #303133;
  padding: 0 4px 0 8px;
  white-space: nowrap;
}

<HeaderCalendar
  disabledLeft={true}
  month={0}
  onBackMonthClick={[Function]}
  onMonthClick={[Function]}
  onNextMonthClick={[Function]}
  values={
    Array [
      Object {
        "color": "#2E7D32",
        "label": "Recebido",
        "value": "2.502,16",
      },
      Object {
        "color": "#D32F2F",
        "label": "Previsto",
        "value": "8.660,07",
      },
    ]
  }
  year={2020}
>
  <styled.div>
    <div
      className="c0"
    >
      <styled.div>
        <div
          className="c1"
        >
          <Icon
            appearance="primary"
            disabled={true}
            id="backMonth"
            onClick={[Function]}
            path="<svg width=\\"9\\" height=\\"14\\" viewBox=\\"0 0 9 14\\" fill=\\"none\\" xmlns=\\"http://www.w3.org/2000/svg\\"><path d=\\"M9 12.3594L3.72785 7L9 1.64062L7.38608 0L0.5 7L7.38608 14L9 12.3594Z\\"/></svg>"
            size="16px"
            style={
              Object {
                "cursor": false,
                "marginRight": "8px",
                "opacity": 0.4,
              }
            }
          >
            <Styled(SVGInline)
              appearance="primary"
              disabled={true}
              fill="#008488"
              id="backMonth"
              onClick={[Function]}
              path="<svg width=\\"9\\" height=\\"14\\" viewBox=\\"0 0 9 14\\" fill=\\"none\\" xmlns=\\"http://www.w3.org/2000/svg\\"><path d=\\"M9 12.3594L3.72785 7L9 1.64062L7.38608 0L0.5 7L7.38608 14L9 12.3594Z\\"/></svg>"
              size="16px"
              style={
                Object {
                  "cursor": false,
                  "marginRight": "8px",
                  "opacity": 0.4,
                }
              }
              svg="<svg width=\\"9\\" height=\\"14\\" viewBox=\\"0 0 9 14\\" fill=\\"none\\" xmlns=\\"http://www.w3.org/2000/svg\\"><path d=\\"M9 12.3594L3.72785 7L9 1.64062L7.38608 0L0.5 7L7.38608 14L9 12.3594Z\\"/></svg>"
              width="16px"
            >
              <SVGInline
                appearance="primary"
                className="c2"
                classSuffix="-svg"
                cleanup={Array []}
                cleanupExceptions={Array []}
                component="span"
                disabled={true}
                fill="#008488"
                id="backMonth"
                onClick={[Function]}
                path="<svg width=\\"9\\" height=\\"14\\" viewBox=\\"0 0 9 14\\" fill=\\"none\\" xmlns=\\"http://www.w3.org/2000/svg\\"><path d=\\"M9 12.3594L3.72785 7L9 1.64062L7.38608 0L0.5 7L7.38608 14L9 12.3594Z\\"/></svg>"
                size="16px"
                style={
                  Object {
                    "cursor": false,
                    "marginRight": "8px",
                    "opacity": 0.4,
                  }
                }
                svg="<svg width=\\"9\\" height=\\"14\\" viewBox=\\"0 0 9 14\\" fill=\\"none\\" xmlns=\\"http://www.w3.org/2000/svg\\"><path d=\\"M9 12.3594L3.72785 7L9 1.64062L7.38608 0L0.5 7L7.38608 14L9 12.3594Z\\"/></svg>"
                width="16px"
              >
                <span
                  appearance="primary"
                  className="SVGInline c2"
                  dangerouslySetInnerHTML={
                    Object {
                      "__html": "<svg class=\\"SVGInline-svg sc-bdfBwQ-svg c2-svg\\" fill=\\"#008488\\" style=\\"width: 16px;height: 16px;\\" width=\\"9\\" height=\\"14\\" viewBox=\\"0 0 9 14\\" fill=\\"none\\" xmlns=\\"http://www.w3.org/2000/svg\\"><path d=\\"M9 12.3594L3.72785 7L9 1.64062L7.38608 0L0.5 7L7.38608 14L9 12.3594Z\\"/></svg>",
                    }
                  }
                  disabled={true}
                  id="backMonth"
                  onClick={[Function]}
                  path="<svg width=\\"9\\" height=\\"14\\" viewBox=\\"0 0 9 14\\" fill=\\"none\\" xmlns=\\"http://www.w3.org/2000/svg\\"><path d=\\"M9 12.3594L3.72785 7L9 1.64062L7.38608 0L0.5 7L7.38608 14L9 12.3594Z\\"/></svg>"
                  size="16px"
                  style={
                    Object {
                      "cursor": false,
                      "marginRight": "8px",
                      "opacity": 0.4,
                    }
                  }
                />
              </SVGInline>
            </Styled(SVGInline)>
          </Icon>
          <Icon
            appearance="primary"
            id="nextMonth"
            onClick={[Function]}
            path="<svg width=\\"9\\" height=\\"14\\" viewBox=\\"0 0 9 14\\" fill=\\"none\\" xmlns=\\"http://www.w3.org/2000/svg\\"><path d=\\"M1.08049e-06 1.64063L5.27215 7L1.43428e-07 12.3594L1.61392 14L8.5 7L1.61393 3.51674e-07L1.08049e-06 1.64063Z\\"/></svg>"
            size="16px"
            style={
              Object {
                "cursor": "pointer",
                "opacity": 1,
              }
            }
          >
            <Styled(SVGInline)
              appearance="primary"
              fill="#008488"
              id="nextMonth"
              onClick={[Function]}
              path="<svg width=\\"9\\" height=\\"14\\" viewBox=\\"0 0 9 14\\" fill=\\"none\\" xmlns=\\"http://www.w3.org/2000/svg\\"><path d=\\"M1.08049e-06 1.64063L5.27215 7L1.43428e-07 12.3594L1.61392 14L8.5 7L1.61393 3.51674e-07L1.08049e-06 1.64063Z\\"/></svg>"
              size="16px"
              style={
                Object {
                  "cursor": "pointer",
                  "opacity": 1,
                }
              }
              svg="<svg width=\\"9\\" height=\\"14\\" viewBox=\\"0 0 9 14\\" fill=\\"none\\" xmlns=\\"http://www.w3.org/2000/svg\\"><path d=\\"M1.08049e-06 1.64063L5.27215 7L1.43428e-07 12.3594L1.61392 14L8.5 7L1.61393 3.51674e-07L1.08049e-06 1.64063Z\\"/></svg>"
              width="16px"
            >
              <SVGInline
                appearance="primary"
                className="c3"
                classSuffix="-svg"
                cleanup={Array []}
                cleanupExceptions={Array []}
                component="span"
                fill="#008488"
                id="nextMonth"
                onClick={[Function]}
                path="<svg width=\\"9\\" height=\\"14\\" viewBox=\\"0 0 9 14\\" fill=\\"none\\" xmlns=\\"http://www.w3.org/2000/svg\\"><path d=\\"M1.08049e-06 1.64063L5.27215 7L1.43428e-07 12.3594L1.61392 14L8.5 7L1.61393 3.51674e-07L1.08049e-06 1.64063Z\\"/></svg>"
                size="16px"
                style={
                  Object {
                    "cursor": "pointer",
                    "opacity": 1,
                  }
                }
                svg="<svg width=\\"9\\" height=\\"14\\" viewBox=\\"0 0 9 14\\" fill=\\"none\\" xmlns=\\"http://www.w3.org/2000/svg\\"><path d=\\"M1.08049e-06 1.64063L5.27215 7L1.43428e-07 12.3594L1.61392 14L8.5 7L1.61393 3.51674e-07L1.08049e-06 1.64063Z\\"/></svg>"
                width="16px"
              >
                <span
                  appearance="primary"
                  className="SVGInline c3"
                  dangerouslySetInnerHTML={
                    Object {
                      "__html": "<svg class=\\"SVGInline-svg sc-bdfBwQ-svg c3-svg\\" fill=\\"#008488\\" style=\\"width: 16px;height: 16px;\\" width=\\"9\\" height=\\"14\\" viewBox=\\"0 0 9 14\\" fill=\\"none\\" xmlns=\\"http://www.w3.org/2000/svg\\"><path d=\\"M1.08049e-06 1.64063L5.27215 7L1.43428e-07 12.3594L1.61392 14L8.5 7L1.61393 3.51674e-07L1.08049e-06 1.64063Z\\"/></svg>",
                    }
                  }
                  id="nextMonth"
                  onClick={[Function]}
                  path="<svg width=\\"9\\" height=\\"14\\" viewBox=\\"0 0 9 14\\" fill=\\"none\\" xmlns=\\"http://www.w3.org/2000/svg\\"><path d=\\"M1.08049e-06 1.64063L5.27215 7L1.43428e-07 12.3594L1.61392 14L8.5 7L1.61393 3.51674e-07L1.08049e-06 1.64063Z\\"/></svg>"
                  size="16px"
                  style={
                    Object {
                      "cursor": "pointer",
                      "opacity": 1,
                    }
                  }
                />
              </SVGInline>
            </Styled(SVGInline)>
          </Icon>
          <styled.div
            id="date"
            onClick={[Function]}
          >
            <div
              className="c4"
              id="date"
              onClick={[Function]}
            >
              Janeiro de 2020
            </div>
          </styled.div>
        </div>
      </styled.div>
      <styled.div>
        <div
          className="c5"
        >
          <styled.div
            color="#2E7D32"
          >
            <div
              className="c6"
              color="#2E7D32"
            >
              Recebido
            </div>
          </styled.div>
          <styled.div>
            <div
              className="c7"
            >
              R$
            </div>
          </styled.div>
          <styled.div
            data-tooltip="R$ 2.502,16"
          >
            <div
              className="c8"
              data-tooltip="R$ 2.502,16"
            >
              2.502,16
            </div>
          </styled.div>
          <styled.div
            color="#D32F2F"
          >
            <div
              className="c9"
              color="#D32F2F"
            >
              Previsto
            </div>
          </styled.div>
          <styled.div>
            <div
              className="c7"
            >
              R$
            </div>
          </styled.div>
          <styled.div
            data-tooltip="R$ 8.660,07"
          >
            <div
              className="c8"
              data-tooltip="R$ 8.660,07"
            >
              8.660,07
            </div>
          </styled.div>
        </div>
      </styled.div>
    </div>
  </styled.div>
</HeaderCalendar>
`;
